mode: set
github.com/luigizuccarelli/iotpaas-message-consumer-redis/pkg/validator/validate.go:13.59,17.27 4 1
github.com/luigizuccarelli/iotpaas-message-consumer-redis/pkg/validator/validate.go:25.2,25.12 1 1
github.com/luigizuccarelli/iotpaas-message-consumer-redis/pkg/validator/validate.go:17.27,18.15 1 1
github.com/luigizuccarelli/iotpaas-message-consumer-redis/pkg/validator/validate.go:23.3,23.69 1 1
github.com/luigizuccarelli/iotpaas-message-consumer-redis/pkg/validator/validate.go:18.15,21.4 2 1
github.com/luigizuccarelli/iotpaas-message-consumer-redis/pkg/validator/validate.go:30.50,41.23 2 1
github.com/luigizuccarelli/iotpaas-message-consumer-redis/pkg/validator/validate.go:46.2,46.12 1 1
github.com/luigizuccarelli/iotpaas-message-consumer-redis/pkg/validator/validate.go:41.23,42.54 1 1
github.com/luigizuccarelli/iotpaas-message-consumer-redis/pkg/validator/validate.go:42.54,44.4 1 1
github.com/luigizuccarelli/iotpaas-message-consumer-redis/pkg/handlers/consumer.go:15.42,22.18 5 1
github.com/luigizuccarelli/iotpaas-message-consumer-redis/pkg/handlers/consumer.go:36.2,37.12 2 1
github.com/luigizuccarelli/iotpaas-message-consumer-redis/pkg/handlers/consumer.go:22.18,24.17 2 1
github.com/luigizuccarelli/iotpaas-message-consumer-redis/pkg/handlers/consumer.go:30.3,31.19 2 1
github.com/luigizuccarelli/iotpaas-message-consumer-redis/pkg/handlers/consumer.go:24.17,26.4 1 1
github.com/luigizuccarelli/iotpaas-message-consumer-redis/pkg/handlers/consumer.go:26.9,29.4 1 1
github.com/luigizuccarelli/iotpaas-message-consumer-redis/pkg/handlers/consumer.go:31.19,33.4 1 1
github.com/luigizuccarelli/iotpaas-message-consumer-redis/pkg/handlers/consumer.go:41.66,46.16 2 1
github.com/luigizuccarelli/iotpaas-message-consumer-redis/pkg/handlers/consumer.go:46.16,51.18 3 1
github.com/luigizuccarelli/iotpaas-message-consumer-redis/pkg/handlers/consumer.go:56.3,58.17 3 1
github.com/luigizuccarelli/iotpaas-message-consumer-redis/pkg/handlers/consumer.go:64.3,65.13 2 1
github.com/luigizuccarelli/iotpaas-message-consumer-redis/pkg/handlers/consumer.go:51.18,54.4 2 1
github.com/luigizuccarelli/iotpaas-message-consumer-redis/pkg/handlers/consumer.go:58.17,61.4 2 1
github.com/luigizuccarelli/iotpaas-message-consumer-redis/pkg/handlers/consumer.go:67.8,70.3 2 0
